✔ [3425/3427] Built MarkovProcessPilot.BrownianExit (3.2s)
✔ [3426/3427] Built MarkovProcessPilot (1.8s)
Build completed successfully (3427 jobs).
	Command being timed: "taskset -c 0-3 nice -n 10 lake build"
	User time (seconds): 4.87
	System time (seconds): 3.23
	Percent of CPU this job got: 109%
	Elapsed (wall clock) time (h:mm:ss or m:ss): 0:07.38
	Average shared text size (kbytes): 0
	Average unshared data size (kbytes): 0
	Average stack size (kbytes): 0
	Average total size (kbytes): 0
	Maximum resident set size (kbytes): 1540712
	Average resident set size (kbytes): 0
	Major (requiring I/O) page faults: 0
	Minor (reclaiming a frame) page faults: 266256
	Voluntary context switches: 58513
	Involuntary context switches: 2604
	Swaps: 0
	File system inputs: 319656
	File system outputs: 9952
	Socket messages sent: 0
	Socket messages received: 0
	Signals delivered: 0
	Page size (bytes): 4096
	Exit status: 0
