Current branch: HEAD
Using cache from origin: (some leanprover-community/mathlib4)
No files to download
Already decompressed 8915 file(s)
	Command being timed: "lake exe cache get"
	User time (seconds): 2.31
	System time (seconds): 1.94
	Percent of CPU this job got: 72%
	Elapsed (wall clock) time (h:mm:ss or m:ss): 0:05.85
	Average shared text size (kbytes): 0
	Average unshared data size (kbytes): 0
	Average stack size (kbytes): 0
	Average total size (kbytes): 0
	Maximum resident set size (kbytes): 803292
	Average resident set size (kbytes): 0
	Major (requiring I/O) page faults: 379
	Minor (reclaiming a frame) page faults: 69750
	Voluntary context switches: 10235
	Involuntary context switches: 561
	Swaps: 0
	File system inputs: 244760
	File system outputs: 8
	Socket messages sent: 0
	Socket messages received: 0
	Signals delivered: 0
	Page size (bytes): 4096
	Exit status: 0
EXIT 0
