✔ [3060/3139] Built MarkovProcess.Time.FiniteOrderEmbedding (4.1s)
✔ [3061/3139] Built MarkovProcess.Time.DenseTimeHistory (4.8s)
✔ [3062/3139] Built MarkovProcess.Time.CountableDenseTime (5.1s)
✔ [3063/3139] Built MarkovProcess.Time.FiniteOrderedTimes (5.5s)
✔ [3068/3144] Built MarkovProcess.Kernel.FiniteRestrictionIdentification (5.7s)
✔ [3070/3144] Built MarkovProcess.Kernel.Basic (6.3s)
✔ [3073/3144] Built MarkovProcess.Time.FiniteGridIncrement (8.1s)
✔ [3074/3144] Built MarkovProcess.Analysis.PaleyZygmund (8.3s)
✔ [3075/3144] Built MarkovProcess.Continuity.DyadicPathChaining (8.6s)
✔ [3078/3145] Built MarkovProcess.Path.Basic (8.8s)
✔ [3079/3187] Built MarkovProcess.DenseTime.CanonicalDiscretePath (8.8s)
✔ [3082/3187] Built MarkovProcess.Restart.RestrictedRestartOfJoint (6.1s)
✔ [3083/3189] Built MarkovProcess.Kernel.CompProdReindex (6.6s)
✔ [3086/3189] Built MarkovProcess.Semigroup.Basic (6.9s)
✔ [3087/3191] Built MarkovProcess.FiniteTime.FiniteProductStoneWeierstrass (7.5s)
✔ [3088/3191] Built MarkovProcess.Restart.ConditionalExpectation (8.4s)
✔ [3091/3191] Built MarkovProcess.Analysis.ExpPrimitive (14s)
✔ [3092/3191] Built MarkovProcess.Kernel.KernelSemigroup (6.1s)
✔ [3093/3191] Built MarkovProcess.Kernel.Integral (7.8s)
✔ [3096/3191] Built MarkovProcess.DenseTime.CemeteryExtension (6.3s)
✔ [3097/3191] Built MarkovProcess.Continuity.DyadicIncrements (7.2s)
✔ [3098/3191] Built MarkovProcess.Path.Shift (7.2s)
✔ [3099/3191] Built MarkovProcess.Path.Polish (7.3s)
✔ [3102/3191] Built MarkovProcess.FiniteTime.MeasureFiniteRestrictionIdentification (5.2s)
✔ [3103/3191] Built MarkovProcess.Continuity.DenseTimeContinuousExtension (7.7s)
✔ [3104/3191] Built MarkovProcess.Kernel.C0SemigroupJoint (6.5s)
✔ [3105/3192] Built MarkovProcess.Path.StoppingTimeDyadicCeiling (8.3s)
✔ [3106/3192] Built MarkovProcess.Path.StoppedValueMeasurability (7.4s)
✔ [3107/3194] Built MarkovProcess.Semigroup.StrongOperatorLimit (6.9s)
✔ [3108/3194] Built MarkovProcess.FiniteTime.FiniteProductCompactSupportApproximation (7.1s)
✔ [3109/3194] Built MarkovProcess.Time.OrderedGrid (7.4s)
✔ [3110/3194] Built MarkovProcess.FiniteTime.Kernel (6.5s)
✔ [3111/3194] Built MarkovProcess.Kernel.KolmogorovMoments (6.5s)
✔ [3112/3194] Built MarkovProcess.Kernel.C0 (8.1s)
✔ [3113/3194] Built MarkovProcess.DenseTime.CemeterySemigroup (6.9s)
✔ [3116/3196] Built MarkovProcess.Continuity.DyadicChaining (7.8s)
✔ [3117/3196] Built MarkovProcess.Restart.ConditionalMarkov (6.0s)
✔ [3118/3196] Built MarkovProcess.Path.RandomShiftMeasurability (7.6s)
✔ [3119/3199] Built MarkovProcess.DenseTime.Shift (7.6s)
✔ [3122/3199] Built MarkovProcess.Path.DenseRestrictionIntegral (7.8s)
✔ [3123/3199] Built MarkovProcess.Kernel.PositiveC0OperatorMeasure (8.3s)
✔ [3124/3199] Built MarkovProcess.Time.DenseTimeApproximationFromAbove (7.7s)
✔ [3125/3204] Built MarkovProcess.Path.MeasureIdentification (8.5s)
✔ [3144/3238] Built MarkovProcess.Continuity.DenseTimeContinuousLaw (7.3s)
✔ [3145/3238] Built MarkovProcess.Path.KernelIdentification (7.5s)
✔ [3146/3238] Built MarkovProcess.Path.DenseFiltration (7.8s)
✔ [3147/3238] Built MarkovProcess.FiniteTime.FiniteProductCoordinateNormalForm (7.1s)
✔ [3148/3238] Built MarkovProcess.FiniteTime.KernelShift (6.2s)
✔ [3149/3238] Built MarkovProcess.DenseTime.CanonicalDiscreteLaw (7.2s)
✔ [3151/3238] Built MarkovProcess.Feller.Semigroup (7.6s)
✔ [3152/3238] Built MarkovProcess.Semigroup.PositiveShift (6.4s)
✔ [3154/3238] Built MarkovProcess.Semigroup.DenseCoreConvergence (7.2s)
✔ [3155/3238] Built MarkovProcess.Semigroup.OrbitContinuity (7.7s)
✔ [3156/3238] Built MarkovProcess.FiniteTime.DenseTimeFiniteShift (8.9s)
✔ [3157/3238] Built MarkovProcess.Continuity.PathModulus (10s)
✔ [3158/3238] Built MarkovProcess.Restart.CountableStoppingRestart (10s)
✔ [3159/3238] Built MarkovProcess.Semigroup.ExponentialBounds (9.2s)
✔ [3160/3238] Built MarkovProcess.Kernel.MeasurableRadonFamily (9.5s)
✔ [3161/3238] Built MarkovProcess.Continuity.DyadicFloor (11s)
✔ [3162/3238] Built MarkovProcess.Kernel.PositiveC0OperatorMass (9.6s)
✔ [3163/3238] Built MarkovProcess.Kernel.LpFinite (9.7s)
✔ [3164/3238] Built MarkovProcess.Kernel.LpTop (9.0s)
✔ [3165/3238] Built MarkovProcess.Continuity.DenseTimeContinuousSupport (8.0s)
✔ [3166/3238] Built MarkovProcess.Restart.FinitePastRestart (8.2s)
✔ [3167/3241] Built MarkovProcess.FiniteTime.CoordinateProductNormalization (7.2s)
✔ [3168/3241] Built MarkovProcess.FiniteTime.KernelDeletion (6.6s)
✔ [3170/3252] Built MarkovProcess.Restart.RationalRestrictedRestart (8.2s)
✔ [3309/3407] Built MarkovProcess.Feller.FiniteTimeKernelContinuity (8.5s)
✔ [3310/3407] Built MarkovProcess.Semigroup.ContractiveResolvent (9.1s)
✔ [3313/3407] Built MarkovProcess.Restart.CountableStoppingRestartMeasure (9.4s)
✔ [3314/3407] Built MarkovProcess.Continuity.KolmogorovTimeShift (7.5s)
✔ [3316/3410] Built MarkovProcess.FiniteTime.KernelRestriction (6.8s)
✔ [3318/3410] Built MarkovProcess.Continuity.PathTightness (12s)
✔ [3319/3503] Built MarkovProcess.FiniteTime.CoordinateProductActiveReduction (8.0s)
✔ [3327/3503] Built MarkovProcess.Semigroup.Duhamel (14s)
✔ [3329/3503] Built MarkovProcess.Semigroup.Generator (14s)
✔ [3330/3503] Built MarkovProcess.Kernel.PositiveC0OperatorKernel (11s)
✔ [3331/3503] Built MarkovProcess.Lifetime.Basic (8.5s)
✔ [3332/3503] Built MarkovProcess.Path.ClosedSetDetection (9.1s)
✔ [3333/3503] Built MarkovProcess.Kernel.Lp (12s)
✔ [3336/3503] Built MarkovProcess.Feller.BackwardC0Recursion (9.0s)
✔ [3337/3503] Built MarkovProcess.FiniteTime.ProjectiveFamily (6.9s)
✔ [3338/3503] Built MarkovProcess.Continuity.ShiftedUnitModification (8.8s)
✔ [3339/3503] Built MarkovProcess.FiniteTime.KernelConcatenation (8.6s)
✔ [3340/3503] Built MarkovProcess.Trajectory.ClampedCoordinate (7.5s)
✔ [3341/3503] Built MarkovProcess.Semigroup.YosidaApproximation (10s)
✔ [3342/3503] Built MarkovProcess.Feller.FiniteTimeContinuityBase (7.5s)
✔ [3343/3503] Built MarkovProcess.Parameterized.Semigroup (6.9s)
✔ [3344/3503] Built MarkovProcess.Path.Stopping (7.7s)
✔ [3345/3503] Built MarkovProcess.Kernel.WeakConvergence (10s)
✔ [3346/3503] Built MarkovProcess.Semigroup.CompactStrongConvergence (8.4s)
✔ [3347/3503] Built MarkovProcess.Path.OptionalStopping (8.5s)
✔ [3348/3503] Built MarkovProcess.Semigroup.GeneratorClosed (7.5s)
✔ [3349/3503] Built MarkovProcess.Lifetime.Law (7.8s)
✔ [3350/3503] Built MarkovProcess.Lifetime.Killing (7.8s)
✔ [3351/3503] Built MarkovProcess.Semigroup.OrbitProductRule (11s)
✔ [3352/3503] Built MarkovProcess.Semigroup.GeneratorUniqueness (9.6s)
✔ [3353/3503] Built MarkovProcess.Semigroup.GeneratorInjectivity (9.4s)
✔ [3354/3503] Built MarkovProcess.Lifetime.ExitTime (7.1s)
✔ [3355/3503] Built MarkovProcess.Lifetime.CountablySeparated (8.2s)
✔ [3356/3503] Built MarkovProcess.Kernel.PositiveC0SemigroupKernel (10s)
✔ [3357/3503] Built MarkovProcess.Lifetime.Shift (7.0s)
✔ [3358/3503] Built MarkovProcess.Kernel.LpConsistency (8.1s)
✔ [3359/3503] Built MarkovProcess.Kernel.Operator (8.5s)
✔ [3360/3503] Built MarkovProcess.DenseTime.PrefixKernel (5.9s)
✔ [3361/3503] Built MarkovProcess.Feller.BackwardC0Integral (8.2s)
✔ [3362/3503] Built MarkovProcess.FiniteTime.KernelMixedPullback (6.3s)
✔ [3363/3503] Built MarkovProcess.FiniteTime.KernelEquivariance (8.4s)
✔ [3364/3503] Built MarkovProcess.FiniteTime.FiniteSetKernelCompactTestTransport (8.5s)
✔ [3365/3503] Built MarkovProcess.FiniteTime.FiniteSetKernelShift (8.8s)
✔ [3366/3503] Built MarkovProcess.Parameterized.CemeterySemigroup (6.7s)
✔ [3367/3503] Built MarkovProcess.Continuity.GlobalDyadicFloorModification (9.8s)
✔ [3368/3503] Built MarkovProcess.Parameterized.OrderedGrid (8.3s)
✔ [3369/3506] Built MarkovProcess.Lifetime.NonexplosiveTransport (7.8s)
✔ [3370/3506] Built MarkovProcess.Semigroup.YosidaStrongLimit (9.6s)
✔ [3371/3506] Built MarkovProcess.Lifetime.Nonexplosion (8.8s)
✔ [3372/3506] Built MarkovProcess.Lifetime.Filtration (7.8s)
✔ [3374/3514] Built MarkovProcess.Path.ExitTime (9.4s)
✔ [3376/3514] Built MarkovProcess.Kernel.PositiveC0SemigroupFeller (9.4s)
✔ [3377/3514] Built MarkovProcess.Kernel.ConservativityAE (9.8s)
✔ [3378/3514] Built MarkovProcess.Kernel.OperatorSemigroup (9.9s)
✔ [3379/3514] Built MarkovProcess.Semigroup.Resolvent (13s)
✔ [3382/3514] Built MarkovProcess.DenseTime.ConditionalKernel (9.4s)
✔ [3383/3514] Built MarkovProcess.Kernel.Resolvent (9.8s)
✔ [3388/3514] Built MarkovProcess.Kernel.ResolventUniqueness (11s)
✔ [3389/3514] Built MarkovProcess.Feller.BackwardC0Convergence (9.3s)
✔ [3390/3514] Built MarkovProcess.Feller.CoordinateProductContinuity (9.8s)
✔ [3391/3514] Built MarkovProcess.Continuity.KolmogorovDenseTimeContinuousSupport (8.2s)
✔ [3392/3514] Built MarkovProcess.Parameterized.FiniteTimeKernel (7.0s)
✔ [3393/3514] Built MarkovProcess.Semigroup.Generation (7.7s)
✔ [3394/3514] Built MarkovProcess.Path.ExitTimeShift (5.0s)
✔ [3395/3514] Built MarkovProcess.Lifetime.ExitTimeStopping (7.6s)
✔ [3396/3514] Built MarkovProcess.Path.Sampling (8.1s)
✔ [3397/3514] Built MarkovProcess.DenseTime.PrefixRecursion (7.4s)
✔ [3398/3514] Built MarkovProcess.Feller.CoordinatePolynomialContinuity (7.2s)
✔ [3399/3514] Built MarkovProcess.Feller.FiniteTimeConvergence (8.6s)
✔ [3400/3514] Built MarkovProcess.Parameterized.FiniteTimeProjectiveFamily (6.7s)
✔ [3401/3514] Built MarkovProcess.Semigroup.InvariantSet (6.9s)
✔ [3402/3514] Built MarkovProcess.Path.Exhaustion (6.8s)
✔ [3403/3514] Built MarkovProcess.Killed.KillAtExit (7.1s)
✔ [3404/3514] Built MarkovProcess.Semigroup.GeneratorResolvent (9.1s)
✔ [3405/3514] Built MarkovProcess.DenseTime.Trajectory (7.3s)
✔ [3406/3514] Built MarkovProcess.Feller.FiniteSetConvergence (5.7s)
✔ [3407/3514] Built MarkovProcess.Feller.FiniteTimeCompactTestContinuity (6.7s)
✔ [3408/3514] Built MarkovProcess.Parameterized.DenseTimePrefixKernel (5.1s)
✔ [3409/3514] Built MarkovProcess.Semigroup.ResolventGeneration (4.4s)
✔ [3410/3514] Built MarkovProcess.DenseTime.TrajectoryMarginals (4.2s)
✔ [3411/3514] Built MarkovProcess.Semigroup.PoissonInvariant (8.1s)
✔ [3412/3514] Built MarkovProcess.Parameterized.DenseTimeConditionalKernel (4.2s)
✔ [3413/3514] Built MarkovProcess.Feller.FiniteTimeJointCompactTestContinuity (5.1s)
✔ [3414/3514] Built MarkovProcess.Semigroup.ResolventComparison (21s)
✔ [3415/3514] Built MarkovProcess.DenseTime.CemeteryDenseTimeMarginals (4.2s)
✔ [3416/3514] Built MarkovProcess.Trajectory.Basic (4.0s)
✔ [3417/3514] Built MarkovProcess.Feller.FiniteSetCompactTestContinuity (3.9s)
✔ [3418/3514] Built MarkovProcess.DenseTime.TwoPointMarginals (5.6s)
✔ [3419/3514] Built MarkovProcess.Kernel.PositiveC0Resolvent (5.3s)
✔ [3420/3514] Built MarkovProcess.Parameterized.DenseTimeTrajectory (7.0s)
✔ [3421/3514] Built MarkovProcess.Semigroup.TrotterKato (6.9s)
✔ [3422/3514] Built MarkovProcess.Trajectory.FiniteMarginals (4.8s)
✔ [3423/3514] Built MarkovProcess.Trajectory.AllTimeMarginals (5.2s)
✔ [3424/3514] Built MarkovProcess.Feller.Resolvent (5.5s)
✔ [3425/3514] Built MarkovProcess.Parameterized.DenseTimeTrajectoryMarginals (4.3s)
✔ [3426/3514] Built MarkovProcess.DenseTime.PhysicalReindex (3.7s)
✔ [3427/3514] Built MarkovProcess.Semigroup.ExponentialComparison (7.0s)
✔ [3428/3514] Built MarkovProcess.Kernel.OnePointExtension (9.3s)
✔ [3429/3514] Built MarkovProcess.Trajectory.AllTimeFiniteMarginals (4.0s)
✔ [3430/3514] Built MarkovProcess.Parameterized.CemeteryDenseTimeMarginals (4.3s)
✔ [3431/3514] Built MarkovProcess.FiniteTime.DenseTimeFiniteSetKernelShift (4.6s)
✔ [3432/3514] Built MarkovProcess.Trajectory.DenseRestrictionMarginals (4.8s)
✔ [3433/3514] Built MarkovProcess.DenseTime.PhysicalCompactTestTransport (5.9s)
✔ [3434/3514] Built MarkovProcess.Path.ShiftCompactTestConvergence (5.1s)
✔ [3435/3514] Built MarkovProcess.Time.FiniteDenseApproximationOrdered (5.4s)
✔ [3436/3514] Built MarkovProcess.Parameterized.CemeteryDenseTimeSupport (4.5s)
✔ [3437/3514] Built MarkovProcess.Restart.MixedPastFuture (8.2s)
✔ [3438/3514] Built MarkovProcess.Trajectory.RationalShift (3.0s)
✔ [3439/3514] Built MarkovProcess.Feller.DensePhysicalFiniteSetContinuity (3.2s)
✔ [3440/3514] Built MarkovProcess.Feller.FiniteDenseApproximationContinuity (2.6s)
✔ [3441/3514] Built MarkovProcess.Path.RandomTimeCompactTestConvergence (3.0s)
✔ [3442/3514] Built MarkovProcess.Path.MixedFiniteMarginals (2.3s)
✔ [3443/3514] Built MarkovProcess.Trajectory.DenseRestrictionIntegral (2.4s)
✔ [3444/3514] Built MarkovProcess.Trajectory.FellerFiniteMarginals (2.2s)
✔ [3445/3514] Built MarkovProcess.Restart.RationalRestart (2.7s)
✔ [3446/3514] Built MarkovProcess.Trajectory.FellerShift (1.9s)
✔ [3447/3514] Built MarkovProcess.Trajectory.RationalConditional (1.6s)
✔ [3448/3514] Built MarkovProcess.Trajectory.DenseStoppingRestart (1.0s)
✔ [3449/3514] Built MarkovProcess.Trajectory.FellerRestrictedRestart (2.3s)
✔ [3450/3514] Built MarkovProcess.Trajectory.FellerConditional (1.7s)
✔ [3451/3514] Built MarkovProcess.Trajectory.FellerCountableStoppingRestart (1.7s)
✔ [3452/3514] Built MarkovProcess.Trajectory.FellerStoppingRestart (2.1s)
✔ [3453/3514] Built MarkovProcess.Trajectory.FellerStoppingConditional (2.2s)
✔ [3454/3514] Built MarkovProcess.Main (2.3s)
✔ [3455/3514] Built MarkovProcess.Trajectory.PathModulus (5.9s)
✔ [3456/3514] Built MarkovProcess.Examples.Identity (7.3s)
✔ [3457/3514] Built MarkovProcess.Trajectory.Equivariance (8.2s)
✔ [3458/3514] Built MarkovProcess.Killed.Kernel (8.2s)
✔ [3459/3514] Built MarkovProcess.Parameterized.ContinuousProcess (8.5s)
✔ [3460/3514] Built MarkovProcess.Trajectory.StoppingLtTop (8.6s)
✔ [3461/3514] Built MarkovProcess.Trajectory.CylinderAlgebra (8.6s)
✔ [3462/3514] Built MarkovProcess.Examples.Drift (9.7s)
✔ [3463/3514] Built MarkovProcess.Kernel.OnePointKolmogorov (9.7s)
✔ [3464/3514] Built MarkovProcess.Trajectory.Dynkin (10s)
✔ [3465/3514] Built MarkovProcess.Trajectory.PathTightness (7.3s)
✔ [3466/3514] Built MarkovProcess.Killed.Resolvent (6.3s)
✔ [3467/3514] Built MarkovProcess.Parameterized.Equivariance (6.6s)
✔ [3468/3514] Built MarkovProcess.Path.RelativeHitting (6.8s)
✔ [3469/3514] Built MarkovProcess.Parameterized.ContinuousProcessProperties (7.4s)
✔ [3470/3514] Built MarkovProcess.Trajectory.ExitTimeExponentialMoment (8.2s)
✔ [3471/3514] Built MarkovProcess.Killed.Minimal (6.9s)
✔ [3472/3514] Built MarkovProcess.Killed.Semigroup (9.7s)
✔ [3473/3514] Built MarkovProcess.Examples.HeatSemigroup (9.8s)
✔ [3474/3514] Built MarkovProcess.Trajectory.DynkinMartingale (9.9s)
✔ [3475/3514] Built MarkovProcess.Trajectory.Convergence (7.3s)
✔ [3476/3514] Built MarkovProcess.Parameterized.Annealed (7.5s)
✔ [3477/3514] Built MarkovProcess.Parameterized.Killed (6.8s)
✔ [3478/3514] Built MarkovProcess.Killed.Process (6.0s)
✔ [3479/3514] Built MarkovProcess.Killed.ExitTimeIdentification (10s)
✔ [3480/3514] Built MarkovProcess.Trajectory.StartingPointContinuity (9.5s)
✔ [3481/3514] Built MarkovProcess.Killed.GluingPotential (11s)
✔ [3482/3514] Built MarkovProcess.Examples.BrownianMotion (9.7s)
✔ [3483/3514] Built MarkovProcess.Trajectory.FeynmanKacFunctional (12s)
✔ [3484/3514] Built MarkovProcess.Trajectory.DiscountedDynkin (13s)
✔ [3485/3514] Built MarkovProcess.Killed.GluingTransfer (8.4s)
✔ [3486/3514] Built MarkovProcess.Kernel.ConservativeResolvent (8.8s)
✔ [3487/3514] Built MarkovProcess.Killed.Marginals (9.7s)
✔ [3488/3514] Built MarkovProcess.Trajectory.WeakContinuity (9.2s)
✔ [3489/3514] Built MarkovProcess.Examples.HeatGenerator (14s)
✔ [3490/3514] Built MarkovProcess.Killed.GluingResolventEquation (9.1s)
✔ [3491/3514] Built MarkovProcess.Trajectory.DynkinStopping (3.9s)
✔ [3492/3514] Built MarkovProcess.Killed.Nested (3.0s)
✔ [3493/3514] Built MarkovProcess.Trajectory.WeakConvergence (3.4s)
✔ [3494/3514] Built MarkovProcess.Trajectory.ExpectedExitTime (1.8s)
✔ [3495/3514] Built MarkovProcess.Trajectory.HarmonicRepresentation (2.2s)
✔ [3496/3514] Built MarkovProcess.Trajectory.ExcessiveStopping (3.4s)
✔ [3497/3514] Built MarkovProcess.Trajectory.ExitLaw (2.5s)
✔ [3498/3514] Built MarkovProcess.Trajectory.ExitTimeLaplace (1.9s)
✔ [3499/3514] Built MarkovProcess.Trajectory.ResolventExitDecomposition (2.7s)
✔ [3500/3514] Built MarkovProcess.Kernel.OnePointKilled (3.3s)
✔ [3501/3514] Built MarkovProcess.Killed.GluingLocal (2.8s)
✔ [3502/3514] Built MarkovProcess.Trajectory.FeynmanKacResolvent (4.1s)
✔ [3503/3514] Built MarkovProcess.Kernel.OnePointConservative (2.1s)
✔ [3504/3514] Built MarkovProcess.Killed.GluingMinimal (2.5s)
✔ [3505/3514] Built MarkovProcess.Trajectory.FeynmanKacRealResolvent (3.4s)
✔ [3506/3514] Built MarkovProcess.Examples.HeatOnePoint (2.4s)
✔ [3507/3514] Built MarkovProcess.Killed.GluingLinearity (2.5s)
✔ [3508/3514] Built MarkovProcess.Trajectory.PenalizationDomination (2.4s)
✔ [3509/3514] Built MarkovProcess.Killed.GluingMeasure (2.3s)
✔ [3510/3514] Built MarkovProcess.Killed.GluingRealResolvent (2.6s)
✔ [3511/3514] Built MarkovProcess.Trajectory.FeynmanKac (1.7s)
✔ [3512/3514] Built MarkovProcess.Killed.GluingC0 (3.0s)
✔ [3513/3514] Built MarkovProcess (1.8s)
Build completed successfully (3514 jobs).
	Command being timed: "taskset -c 0-3 nice -n 10 lake build MarkovProcess"
	User time (seconds): 524.69
	System time (seconds): 223.31
	Percent of CPU this job got: 351%
	Elapsed (wall clock) time (h:mm:ss or m:ss): 3:32.80
	Average shared text size (kbytes): 0
	Average unshared data size (kbytes): 0
	Average stack size (kbytes): 0
	Average total size (kbytes): 0
	Maximum resident set size (kbytes): 1543156
	Average resident set size (kbytes): 0
	Major (requiring I/O) page faults: 8864
	Minor (reclaiming a frame) page faults: 22790827
	Voluntary context switches: 380267
	Involuntary context switches: 413693
	Swaps: 0
	File system inputs: 1928840
	File system outputs: 995440
	Socket messages sent: 0
	Socket messages received: 0
	Signals delivered: 0
	Page size (bytes): 4096
	Exit status: 0
EXIT 0
